testFailures
| SimpleRangeAnalysis_tests.cpp:258:11:258:15 | Load: total | Unexpected result: range="<=Phi: 7+18" |
| SimpleRangeAnalysis_tests.cpp:258:11:258:15 | Load: total | Unexpected result: range=">=Phi: 7-18" |
| SimpleRangeAnalysis_tests.cpp:258:19:258:133 | // $ range="<=Phi: - ...+18" range=">=Phi: - ...-18" range="<=Phi: 0+29" range=<=37 range=">=Phi: 0-29" range=>=-37 | Missing result:range="<=Phi: - ...+18" |
| SimpleRangeAnalysis_tests.cpp:258:19:258:133 | // $ range="<=Phi: - ...+18" range=">=Phi: - ...-18" range="<=Phi: 0+29" range=<=37 range=">=Phi: 0-29" range=>=-37 | Missing result:range=">=Phi: - ...-18" |
| SimpleRangeAnalysis_tests.cpp:268:11:268:15 | Load: total | Unexpected result: range="<=Phi: 7+8" |
| SimpleRangeAnalysis_tests.cpp:268:11:268:15 | Load: total | Unexpected result: range="<=Phi: 7+26" |
| SimpleRangeAnalysis_tests.cpp:268:11:268:15 | Load: total | Unexpected result: range=">=Phi: 7-8" |
| SimpleRangeAnalysis_tests.cpp:268:11:268:15 | Load: total | Unexpected result: range=">=Phi: 7-26" |
| SimpleRangeAnalysis_tests.cpp:268:19:268:179 | // $ range="<=Phi: - ...+8" range="<=Phi: - ...+26" range=">=Phi: - ...-8" range=">=Phi: - ...-26" range="<=Phi: 0+37" range=<=45 range=">=Phi: 0-37" range=>=-45 | Missing result:range="<=Phi: - ...+8" |
| SimpleRangeAnalysis_tests.cpp:268:19:268:179 | // $ range="<=Phi: - ...+8" range="<=Phi: - ...+26" range=">=Phi: - ...-8" range=">=Phi: - ...-26" range="<=Phi: 0+37" range=<=45 range=">=Phi: 0-37" range=>=-45 | Missing result:range="<=Phi: - ...+26" |
| SimpleRangeAnalysis_tests.cpp:268:19:268:179 | // $ range="<=Phi: - ...+8" range="<=Phi: - ...+26" range=">=Phi: - ...-8" range=">=Phi: - ...-26" range="<=Phi: 0+37" range=<=45 range=">=Phi: 0-37" range=>=-45 | Missing result:range=">=Phi: - ...-8" |
| SimpleRangeAnalysis_tests.cpp:268:19:268:179 | // $ range="<=Phi: - ...+8" range="<=Phi: - ...+26" range=">=Phi: - ...-8" range=">=Phi: - ...-26" range="<=Phi: 0+37" range=<=45 range=">=Phi: 0-37" range=>=-45 | Missing result:range=">=Phi: - ...-26" |
| SimpleRangeAnalysis_tests.cpp:278:11:278:15 | Load: total | Unexpected result: range="<=Phi: 7+7" |
| SimpleRangeAnalysis_tests.cpp:278:11:278:15 | Load: total | Unexpected result: range="<=Phi: 7+15" |
| SimpleRangeAnalysis_tests.cpp:278:11:278:15 | Load: total | Unexpected result: range="<=Phi: 7+33" |
| SimpleRangeAnalysis_tests.cpp:278:11:278:15 | Load: total | Unexpected result: range=">=Phi: 7-7" |
| SimpleRangeAnalysis_tests.cpp:278:11:278:15 | Load: total | Unexpected result: range=">=Phi: 7-15" |
| SimpleRangeAnalysis_tests.cpp:278:11:278:15 | Load: total | Unexpected result: range=">=Phi: 7-33" |
| SimpleRangeAnalysis_tests.cpp:278:19:278:246 | // $ range="<=Phi: - ...+7" range="<=Phi: - ...+15" range="<=Phi: - ...+33" range=">=Phi: - ...-7" range=">=Phi: - ...-15" range=">=Phi: - ...-33" range="<=Phi: 0+44" range=<=52 Unexpected result: range=">=Phi: 0-44" range=>=-52 | Missing result:range="<=Phi: - ...+7" |
| SimpleRangeAnalysis_tests.cpp:278:19:278:246 | // $ range="<=Phi: - ...+7" range="<=Phi: - ...+15" range="<=Phi: - ...+33" range=">=Phi: - ...-7" range=">=Phi: - ...-15" range=">=Phi: - ...-33" range="<=Phi: 0+44" range=<=52 Unexpected result: range=">=Phi: 0-44" range=>=-52 | Missing result:range="<=Phi: - ...+15" |
| SimpleRangeAnalysis_tests.cpp:278:19:278:246 | // $ range="<=Phi: - ...+7" range="<=Phi: - ...+15" range="<=Phi: - ...+33" range=">=Phi: - ...-7" range=">=Phi: - ...-15" range=">=Phi: - ...-33" range="<=Phi: 0+44" range=<=52 Unexpected result: range=">=Phi: 0-44" range=>=-52 | Missing result:range="<=Phi: - ...+33" |
| SimpleRangeAnalysis_tests.cpp:278:19:278:246 | // $ range="<=Phi: - ...+7" range="<=Phi: - ...+15" range="<=Phi: - ...+33" range=">=Phi: - ...-7" range=">=Phi: - ...-15" range=">=Phi: - ...-33" range="<=Phi: 0+44" range=<=52 Unexpected result: range=">=Phi: 0-44" range=>=-52 | Missing result:range=">=Phi: - ...-7" |
| SimpleRangeAnalysis_tests.cpp:278:19:278:246 | // $ range="<=Phi: - ...+7" range="<=Phi: - ...+15" range="<=Phi: - ...+33" range=">=Phi: - ...-7" range=">=Phi: - ...-15" range=">=Phi: - ...-33" range="<=Phi: 0+44" range=<=52 Unexpected result: range=">=Phi: 0-44" range=>=-52 | Missing result:range=">=Phi: - ...-15" |
| SimpleRangeAnalysis_tests.cpp:278:19:278:246 | // $ range="<=Phi: - ...+7" range="<=Phi: - ...+15" range="<=Phi: - ...+33" range=">=Phi: - ...-7" range=">=Phi: - ...-15" range=">=Phi: - ...-33" range="<=Phi: 0+44" range=<=52 Unexpected result: range=">=Phi: 0-44" range=>=-52 | Missing result:range=">=Phi: - ...-33" |
| SimpleRangeAnalysis_tests.cpp:288:11:288:15 | Load: total | Unexpected result: range="<=Phi: 7+5" |
| SimpleRangeAnalysis_tests.cpp:288:11:288:15 | Load: total | Unexpected result: range="<=Phi: 7+12" |
| SimpleRangeAnalysis_tests.cpp:288:11:288:15 | Load: total | Unexpected result: range="<=Phi: 7+20" |
| SimpleRangeAnalysis_tests.cpp:288:11:288:15 | Load: total | Unexpected result: range="<=Phi: 7+38" |
| SimpleRangeAnalysis_tests.cpp:288:11:288:15 | Load: total | Unexpected result: range=">=Phi: 7-5" |
| SimpleRangeAnalysis_tests.cpp:288:11:288:15 | Load: total | Unexpected result: range=">=Phi: 7-12" |
| SimpleRangeAnalysis_tests.cpp:288:11:288:15 | Load: total | Unexpected result: range=">=Phi: 7-20" |
| SimpleRangeAnalysis_tests.cpp:288:11:288:15 | Load: total | Unexpected result: range=">=Phi: 7-38" |
| SimpleRangeAnalysis_tests.cpp:288:19:288:275 | // $ range="<=Phi: - ...+5" range="<=Phi: - ...+12" range="<=Phi: - ...+20" range="<=Phi: - ...+38" range=">=Phi: - ...-5" range=">=Phi: - ...-12" range=">=Phi: - ...-20" range=">=Phi: - ...-38" range="<=Phi: 0+49" range=<=57 range=">=Phi: 0-49" range=>=-57 | Missing result:range="<=Phi: - ...+5" |
| SimpleRangeAnalysis_tests.cpp:288:19:288:275 | // $ range="<=Phi: - ...+5" range="<=Phi: - ...+12" range="<=Phi: - ...+20" range="<=Phi: - ...+38" range=">=Phi: - ...-5" range=">=Phi: - ...-12" range=">=Phi: - ...-20" range=">=Phi: - ...-38" range="<=Phi: 0+49" range=<=57 range=">=Phi: 0-49" range=>=-57 | Missing result:range="<=Phi: - ...+12" |
| SimpleRangeAnalysis_tests.cpp:288:19:288:275 | // $ range="<=Phi: - ...+5" range="<=Phi: - ...+12" range="<=Phi: - ...+20" range="<=Phi: - ...+38" range=">=Phi: - ...-5" range=">=Phi: - ...-12" range=">=Phi: - ...-20" range=">=Phi: - ...-38" range="<=Phi: 0+49" range=<=57 range=">=Phi: 0-49" range=>=-57 | Missing result:range="<=Phi: - ...+20" |
| SimpleRangeAnalysis_tests.cpp:288:19:288:275 | // $ range="<=Phi: - ...+5" range="<=Phi: - ...+12" range="<=Phi: - ...+20" range="<=Phi: - ...+38" range=">=Phi: - ...-5" range=">=Phi: - ...-12" range=">=Phi: - ...-20" range=">=Phi: - ...-38" range="<=Phi: 0+49" range=<=57 range=">=Phi: 0-49" range=>=-57 | Missing result:range="<=Phi: - ...+38" |
| SimpleRangeAnalysis_tests.cpp:288:19:288:275 | // $ range="<=Phi: - ...+5" range="<=Phi: - ...+12" range="<=Phi: - ...+20" range="<=Phi: - ...+38" range=">=Phi: - ...-5" range=">=Phi: - ...-12" range=">=Phi: - ...-20" range=">=Phi: - ...-38" range="<=Phi: 0+49" range=<=57 range=">=Phi: 0-49" range=>=-57 | Missing result:range=">=Phi: - ...-5" |
| SimpleRangeAnalysis_tests.cpp:288:19:288:275 | // $ range="<=Phi: - ...+5" range="<=Phi: - ...+12" range="<=Phi: - ...+20" range="<=Phi: - ...+38" range=">=Phi: - ...-5" range=">=Phi: - ...-12" range=">=Phi: - ...-20" range=">=Phi: - ...-38" range="<=Phi: 0+49" range=<=57 range=">=Phi: 0-49" range=>=-57 | Missing result:range=">=Phi: - ...-12" |
| SimpleRangeAnalysis_tests.cpp:288:19:288:275 | // $ range="<=Phi: - ...+5" range="<=Phi: - ...+12" range="<=Phi: - ...+20" range="<=Phi: - ...+38" range=">=Phi: - ...-5" range=">=Phi: - ...-12" range=">=Phi: - ...-20" range=">=Phi: - ...-38" range="<=Phi: 0+49" range=<=57 range=">=Phi: 0-49" range=>=-57 | Missing result:range=">=Phi: - ...-20" |
| SimpleRangeAnalysis_tests.cpp:288:19:288:275 | // $ range="<=Phi: - ...+5" range="<=Phi: - ...+12" range="<=Phi: - ...+20" range="<=Phi: - ...+38" range=">=Phi: - ...-5" range=">=Phi: - ...-12" range=">=Phi: - ...-20" range=">=Phi: - ...-38" range="<=Phi: 0+49" range=<=57 range=">=Phi: 0-49" range=>=-57 | Missing result:range=">=Phi: - ...-38" |
| SimpleRangeAnalysis_tests.cpp:290:9:290:13 | Load: total | Unexpected result: range="<=Phi: 7+5" |
| SimpleRangeAnalysis_tests.cpp:290:9:290:13 | Load: total | Unexpected result: range="<=Phi: 7+12" |
| SimpleRangeAnalysis_tests.cpp:290:9:290:13 | Load: total | Unexpected result: range="<=Phi: 7+20" |
| SimpleRangeAnalysis_tests.cpp:290:9:290:13 | Load: total | Unexpected result: range="<=Phi: 7+38" |
| SimpleRangeAnalysis_tests.cpp:290:9:290:13 | Load: total | Unexpected result: range=">=Phi: 7-5" |
| SimpleRangeAnalysis_tests.cpp:290:9:290:13 | Load: total | Unexpected result: range=">=Phi: 7-12" |
| SimpleRangeAnalysis_tests.cpp:290:9:290:13 | Load: total | Unexpected result: range=">=Phi: 7-20" |
| SimpleRangeAnalysis_tests.cpp:290:9:290:13 | Load: total | Unexpected result: range=">=Phi: 7-38" |
| SimpleRangeAnalysis_tests.cpp:290:17:290:273 | // $ range="<=Phi: - ...+5" range="<=Phi: - ...+12" range="<=Phi: - ...+20" range="<=Phi: - ...+38" range=">=Phi: - ...-5" range=">=Phi: - ...-12" range=">=Phi: - ...-20" range=">=Phi: - ...-38" range="<=Phi: 0+49" range=<=57 range=">=Phi: 0-49" range=>=-57 | Missing result:range="<=Phi: - ...+5" |
| SimpleRangeAnalysis_tests.cpp:290:17:290:273 | // $ range="<=Phi: - ...+5" range="<=Phi: - ...+12" range="<=Phi: - ...+20" range="<=Phi: - ...+38" range=">=Phi: - ...-5" range=">=Phi: - ...-12" range=">=Phi: - ...-20" range=">=Phi: - ...-38" range="<=Phi: 0+49" range=<=57 range=">=Phi: 0-49" range=>=-57 | Missing result:range="<=Phi: - ...+12" |
| SimpleRangeAnalysis_tests.cpp:290:17:290:273 | // $ range="<=Phi: - ...+5" range="<=Phi: - ...+12" range="<=Phi: - ...+20" range="<=Phi: - ...+38" range=">=Phi: - ...-5" range=">=Phi: - ...-12" range=">=Phi: - ...-20" range=">=Phi: - ...-38" range="<=Phi: 0+49" range=<=57 range=">=Phi: 0-49" range=>=-57 | Missing result:range="<=Phi: - ...+20" |
| SimpleRangeAnalysis_tests.cpp:290:17:290:273 | // $ range="<=Phi: - ...+5" range="<=Phi: - ...+12" range="<=Phi: - ...+20" range="<=Phi: - ...+38" range=">=Phi: - ...-5" range=">=Phi: - ...-12" range=">=Phi: - ...-20" range=">=Phi: - ...-38" range="<=Phi: 0+49" range=<=57 range=">=Phi: 0-49" range=>=-57 | Missing result:range="<=Phi: - ...+38" |
| SimpleRangeAnalysis_tests.cpp:290:17:290:273 | // $ range="<=Phi: - ...+5" range="<=Phi: - ...+12" range="<=Phi: - ...+20" range="<=Phi: - ...+38" range=">=Phi: - ...-5" range=">=Phi: - ...-12" range=">=Phi: - ...-20" range=">=Phi: - ...-38" range="<=Phi: 0+49" range=<=57 range=">=Phi: 0-49" range=>=-57 | Missing result:range=">=Phi: - ...-5" |
| SimpleRangeAnalysis_tests.cpp:290:17:290:273 | // $ range="<=Phi: - ...+5" range="<=Phi: - ...+12" range="<=Phi: - ...+20" range="<=Phi: - ...+38" range=">=Phi: - ...-5" range=">=Phi: - ...-12" range=">=Phi: - ...-20" range=">=Phi: - ...-38" range="<=Phi: 0+49" range=<=57 range=">=Phi: 0-49" range=>=-57 | Missing result:range=">=Phi: - ...-12" |
| SimpleRangeAnalysis_tests.cpp:290:17:290:273 | // $ range="<=Phi: - ...+5" range="<=Phi: - ...+12" range="<=Phi: - ...+20" range="<=Phi: - ...+38" range=">=Phi: - ...-5" range=">=Phi: - ...-12" range=">=Phi: - ...-20" range=">=Phi: - ...-38" range="<=Phi: 0+49" range=<=57 range=">=Phi: 0-49" range=>=-57 | Missing result:range=">=Phi: - ...-20" |
| SimpleRangeAnalysis_tests.cpp:290:17:290:273 | // $ range="<=Phi: - ...+5" range="<=Phi: - ...+12" range="<=Phi: - ...+20" range="<=Phi: - ...+38" range=">=Phi: - ...-5" range=">=Phi: - ...-12" range=">=Phi: - ...-20" range=">=Phi: - ...-38" range="<=Phi: 0+49" range=<=57 range=">=Phi: 0-49" range=>=-57 | Missing result:range=">=Phi: - ...-38" |
| SimpleRangeAnalysis_tests.cpp:456:11:456:15 | Load: total | Unexpected result: range="<=Phi: 17+0" |
| SimpleRangeAnalysis_tests.cpp:456:11:456:15 | Load: total | Unexpected result: range=">=Phi: 17-391" |
| SimpleRangeAnalysis_tests.cpp:456:19:456:93 | // $ range="<=Phi: - ...+0" range=<=0 range=">=Phi: - ...-391" range=>=-782 | Missing result:range="<=Phi: - ...+0" |
| SimpleRangeAnalysis_tests.cpp:456:19:456:93 | // $ range="<=Phi: - ...+0" range=<=0 range=">=Phi: - ...-391" range=>=-782 | Missing result:range=">=Phi: - ...-391" |
| SimpleRangeAnalysis_tests.cpp:472:11:472:15 | Load: total | Unexpected result: range="<=Phi: 17+221" |
| SimpleRangeAnalysis_tests.cpp:472:19:472:47 | // $ range="<=Phi: - ...+221" | Missing result:range="<=Phi: - ...+221" |
| SimpleRangeAnalysis_tests.cpp:480:11:480:15 | Load: total | Unexpected result: range="<=Phi: 17+221" |
| SimpleRangeAnalysis_tests.cpp:480:11:480:15 | Load: total | Unexpected result: range="<=Phi: 17+442" |
| SimpleRangeAnalysis_tests.cpp:480:19:480:72 | // $ range="<=Phi: - ...+221" range="<=Phi: - ...+442" | Missing result:range="<=Phi: - ...+221" |
| SimpleRangeAnalysis_tests.cpp:480:19:480:72 | // $ range="<=Phi: - ...+221" range="<=Phi: - ...+442" | Missing result:range="<=Phi: - ...+442" |
| SimpleRangeAnalysis_tests.cpp:482:9:482:13 | Load: total | Unexpected result: range="<=Phi: 17+221" |
| SimpleRangeAnalysis_tests.cpp:482:9:482:13 | Load: total | Unexpected result: range="<=Phi: 17+442" |
| SimpleRangeAnalysis_tests.cpp:482:17:482:70 | // $ range="<=Phi: - ...+221" range="<=Phi: - ...+442" | Missing result:range="<=Phi: - ...+221" |
| SimpleRangeAnalysis_tests.cpp:482:17:482:70 | // $ range="<=Phi: - ...+221" range="<=Phi: - ...+442" | Missing result:range="<=Phi: - ...+442" |
| SimpleRangeAnalysis_tests.cpp:504:11:504:15 | Load: total | Unexpected result: range="<=Phi: 17+0" |
| SimpleRangeAnalysis_tests.cpp:504:11:504:15 | Load: total | Unexpected result: range=">=Phi: 17-391" |
| SimpleRangeAnalysis_tests.cpp:504:19:504:93 | // $ range="<=Phi: - ...+0" range=<=0 range=">=Phi: - ...-391" range=>=-782 | Missing result:range="<=Phi: - ...+0" |
| SimpleRangeAnalysis_tests.cpp:504:19:504:93 | // $ range="<=Phi: - ...+0" range=<=0 range=">=Phi: - ...-391" range=>=-782 | Missing result:range=">=Phi: - ...-391" |
| SimpleRangeAnalysis_tests.cpp:520:11:520:15 | Load: total | Unexpected result: range="<=Phi: 17+221" |
| SimpleRangeAnalysis_tests.cpp:520:19:520:47 | // $ range="<=Phi: - ...+221" | Missing result:range="<=Phi: - ...+221" |
| SimpleRangeAnalysis_tests.cpp:528:11:528:15 | Load: total | Unexpected result: range="<=Phi: 17+221" |
| SimpleRangeAnalysis_tests.cpp:528:11:528:15 | Load: total | Unexpected result: range="<=Phi: 17+442" |
| SimpleRangeAnalysis_tests.cpp:528:19:528:72 | // $ range="<=Phi: - ...+221" range="<=Phi: - ...+442" | Missing result:range="<=Phi: - ...+221" |
| SimpleRangeAnalysis_tests.cpp:528:19:528:72 | // $ range="<=Phi: - ...+221" range="<=Phi: - ...+442" | Missing result:range="<=Phi: - ...+442" |
| SimpleRangeAnalysis_tests.cpp:530:9:530:13 | Load: total | Unexpected result: range="<=Phi: 17+221" |
| SimpleRangeAnalysis_tests.cpp:530:9:530:13 | Load: total | Unexpected result: range="<=Phi: 17+442" |
| SimpleRangeAnalysis_tests.cpp:530:17:530:70 | // $ range="<=Phi: - ...+221" range="<=Phi: - ...+442" | Missing result:range="<=Phi: - ...+221" |
| SimpleRangeAnalysis_tests.cpp:530:17:530:70 | // $ range="<=Phi: - ...+221" range="<=Phi: - ...+442" | Missing result:range="<=Phi: - ...+442" |
| SimpleRangeAnalysis_tests.cpp:696:11:696:15 | Load: total | Unexpected result: range="<=Phi: 3+253" |
| SimpleRangeAnalysis_tests.cpp:696:11:696:15 | Load: total | Unexpected result: range=">=Phi: 3+0" |
| SimpleRangeAnalysis_tests.cpp:696:19:696:116 | // $ range=">=Phi: (unsigned int)...+0" range=>=0 range=<=506 range="<=Phi: (unsigned int)...+253" | Missing result:range="<=Phi: (unsigned int)...+253" |
| SimpleRangeAnalysis_tests.cpp:696:19:696:116 | // $ range=">=Phi: (unsigned int)...+0" range=>=0 range=<=506 range="<=Phi: (unsigned int)...+253" | Missing result:range=">=Phi: (unsigned int)...+0" |
| SimpleRangeAnalysis_tests.cpp:704:11:704:15 | Load: total | Unexpected result: range="<=Phi: 3+253" |
| SimpleRangeAnalysis_tests.cpp:704:11:704:15 | Load: total | Unexpected result: range="<=Phi: 3+506" |
| SimpleRangeAnalysis_tests.cpp:704:11:704:15 | Load: total | Unexpected result: range=">=Phi: 3+39" |
| SimpleRangeAnalysis_tests.cpp:704:19:704:155 | // $ range=>=39 range=<=759 range="<=Phi: (unsigned int)...+253" range="<=Phi: (unsigned int)...+506" range=">=Phi: (unsigned int)...+39" | Missing result:range="<=Phi: (unsigned int)...+253" |
| SimpleRangeAnalysis_tests.cpp:704:19:704:155 | // $ range=>=39 range=<=759 range="<=Phi: (unsigned int)...+253" range="<=Phi: (unsigned int)...+506" range=">=Phi: (unsigned int)...+39" | Missing result:range="<=Phi: (unsigned int)...+506" |
| SimpleRangeAnalysis_tests.cpp:704:19:704:155 | // $ range=>=39 range=<=759 range="<=Phi: (unsigned int)...+253" range="<=Phi: (unsigned int)...+506" range=">=Phi: (unsigned int)...+39" | Missing result:range=">=Phi: (unsigned int)...+39" |
| SimpleRangeAnalysis_tests.cpp:706:9:706:13 | Load: total | Unexpected result: range="<=Phi: 3+253" |
| SimpleRangeAnalysis_tests.cpp:706:9:706:13 | Load: total | Unexpected result: range="<=Phi: 3+506" |
| SimpleRangeAnalysis_tests.cpp:706:9:706:13 | Load: total | Unexpected result: range=">=Phi: 3+0" |
| SimpleRangeAnalysis_tests.cpp:706:17:706:151 | // $ range=>=0 range=<=759 range=">=Phi: (unsigned int)...+0" range="<=Phi: (unsigned int)...+506" range="<=Phi: (unsigned int)...+253" | Missing result:range="<=Phi: (unsigned int)...+253" |
| SimpleRangeAnalysis_tests.cpp:706:17:706:151 | // $ range=>=0 range=<=759 range=">=Phi: (unsigned int)...+0" range="<=Phi: (unsigned int)...+506" range="<=Phi: (unsigned int)...+253" | Missing result:range="<=Phi: (unsigned int)...+506" |
| SimpleRangeAnalysis_tests.cpp:706:17:706:151 | // $ range=>=0 range=<=759 range=">=Phi: (unsigned int)...+0" range="<=Phi: (unsigned int)...+506" range="<=Phi: (unsigned int)...+253" | Missing result:range=">=Phi: (unsigned int)...+0" |
| SimpleRangeAnalysis_tests.cpp:725:11:725:15 | Load: total | Unexpected result: range="<=Phi: 0+253" |
| SimpleRangeAnalysis_tests.cpp:725:11:725:15 | Load: total | Unexpected result: range=">=Phi: 0+0" |
| SimpleRangeAnalysis_tests.cpp:725:19:725:116 | // $ range=">=Phi: (unsigned int)...+0" range=>=0 range="<=Phi: (unsigned int)...+253" range=<=506 | Missing result:range="<=Phi: (unsigned int)...+253" |
| SimpleRangeAnalysis_tests.cpp:725:19:725:116 | // $ range=">=Phi: (unsigned int)...+0" range=>=0 range="<=Phi: (unsigned int)...+253" range=<=506 | Missing result:range=">=Phi: (unsigned int)...+0" |
| SimpleRangeAnalysis_tests.cpp:732:11:732:15 | Load: total | Unexpected result: range="<=Phi: 0+506" |
| SimpleRangeAnalysis_tests.cpp:732:11:732:15 | Load: total | Unexpected result: range="<=Phi: 13+253" |
| SimpleRangeAnalysis_tests.cpp:732:11:732:15 | Load: total | Unexpected result: range=">=Phi: 0+143" |
| SimpleRangeAnalysis_tests.cpp:732:11:732:15 | Load: total | Unexpected result: range=">=Phi: 13+143" |
| SimpleRangeAnalysis_tests.cpp:732:19:732:157 | // $ range="<=Phi: (unsigned int)...+253" range="<=Phi: (unsigned int)...+506" range=">=Phi: (unsigned int)...+143" range=>=143 range=<=759 | Missing result:range="<=Phi: (unsigned int)...+253" |
| SimpleRangeAnalysis_tests.cpp:732:19:732:157 | // $ range="<=Phi: (unsigned int)...+253" range="<=Phi: (unsigned int)...+506" range=">=Phi: (unsigned int)...+143" range=>=143 range=<=759 | Missing result:range="<=Phi: (unsigned int)...+506" |
| SimpleRangeAnalysis_tests.cpp:732:19:732:157 | // $ range="<=Phi: (unsigned int)...+253" range="<=Phi: (unsigned int)...+506" range=">=Phi: (unsigned int)...+143" range=>=143 range=<=759 | Missing result:range=">=Phi: (unsigned int)...+143" |
| SimpleRangeAnalysis_tests.cpp:734:9:734:13 | Load: total | Unexpected result: range="<=Phi: 0+506" |
| SimpleRangeAnalysis_tests.cpp:734:9:734:13 | Load: total | Unexpected result: range="<=Phi: 13+253" |
| SimpleRangeAnalysis_tests.cpp:734:9:734:13 | Load: total | Unexpected result: range=">=Phi: 0+0" |
| SimpleRangeAnalysis_tests.cpp:734:9:734:13 | Load: total | Unexpected result: range=">=Phi: 13+0" |
| SimpleRangeAnalysis_tests.cpp:734:17:734:151 | // $ range=>=0 range=<=759 range=">=Phi: (unsigned int)...+0" range="<=Phi: (unsigned int)...+506" range="<=Phi: (unsigned int)...+253" | Missing result:range="<=Phi: (unsigned int)...+253" |
| SimpleRangeAnalysis_tests.cpp:734:17:734:151 | // $ range=>=0 range=<=759 range=">=Phi: (unsigned int)...+0" range="<=Phi: (unsigned int)...+506" range="<=Phi: (unsigned int)...+253" | Missing result:range="<=Phi: (unsigned int)...+506" |
| SimpleRangeAnalysis_tests.cpp:734:17:734:151 | // $ range=>=0 range=<=759 range=">=Phi: (unsigned int)...+0" range="<=Phi: (unsigned int)...+506" range="<=Phi: (unsigned int)...+253" | Missing result:range=">=Phi: (unsigned int)...+0" |
| SimpleRangeAnalysis_tests.cpp:1015:11:1015:11 | Load: x | Unexpected result: range=<=256 |
| SimpleRangeAnalysis_tests.cpp:1015:11:1015:11 | Load: x | Unexpected result: range=>=2147483647 |
| SimpleRangeAnalysis_tests.cpp:1015:15:1015:37 | // $ range===2147483647 | Missing result:range===2147483647 |
| SimpleRangeAnalysis_tests.cpp:1016:11:1016:11 | Load: y | Unexpected result: range=<=-2147483135 |
| SimpleRangeAnalysis_tests.cpp:1016:11:1016:11 | Load: y | Unexpected result: range=>=256 |
| SimpleRangeAnalysis_tests.cpp:1016:15:1016:30 | // $ range===256 | Missing result:range===256 |
failures
