missingOperand
| ir.cpp:2112:12:2112:22 | Convert: (int)... | Instruction 'Convert' is missing an expected operand with tag 'Unary' in function '$@'. | ir.cpp:2111:5:2111:16 | int noExceptTest() | int noExceptTest() |
unexpectedOperand
duplicateOperand
missingPhiOperand
missingOperandType
duplicateChiOperand
sideEffectWithoutPrimary
instructionWithoutSuccessor
| ir.cpp:2112:5:2112:23 | VariableAddress: return ... | Instruction 'VariableAddress: return ...' has no successors in function '$@'. | ir.cpp:2111:5:2111:16 | int noExceptTest() | int noExceptTest() |
| ir.cpp:2112:21:2112:21 | Constant: 0 | Instruction 'Constant: 0' has no successors in function '$@'. | ir.cpp:2111:5:2111:16 | int noExceptTest() | int noExceptTest() |
ambiguousSuccessors
unexplainedLoop
unnecessaryPhiInstruction
memoryOperandDefinitionIsUnmodeled
operandAcrossFunctions
instructionWithoutUniqueBlock
missingCanonicalLanguageType
multipleCanonicalLanguageTypes
containsLoopOfForwardEdges
missingIRType
multipleIRTypes
lostReachability
backEdgeCountMismatch
useNotDominatedByDefinition
| ir.cpp:1486:8:1486:8 | Unary | Operand 'Unary' is not dominated by its definition in function '$@'. | ir.cpp:1486:8:1486:8 | void StructuredBindingDataMemberStruct::StructuredBindingDataMemberStruct() | void StructuredBindingDataMemberStruct::StructuredBindingDataMemberStruct() |
| ir.cpp:2108:38:2108:38 | Arg(1) | Operand 'Arg(1)' is not dominated by its definition in function '$@'. | ir.cpp:2107:5:2107:16 | int offsetOfTest() | int offsetOfTest() |
| ir.cpp:2112:5:2112:23 | Address | Operand 'Address' is not dominated by its definition in function '$@'. | ir.cpp:2111:5:2111:16 | int noExceptTest() | int noExceptTest() |
| try_except.c:13:13:13:13 | Left | Operand 'Left' is not dominated by its definition in function '$@'. | try_except.c:6:6:6:6 | void f() | void f() |
| try_except.c:13:13:13:13 | Left | Operand 'Left' is not dominated by its definition in function '$@'. | try_except.c:6:6:6:6 | void f() | void f() |
| try_except.c:39:15:39:15 | Left | Operand 'Left' is not dominated by its definition in function '$@'. | try_except.c:32:6:32:6 | void h(int) | void h(int) |
| try_except.c:39:15:39:15 | Left | Operand 'Left' is not dominated by its definition in function '$@'. | try_except.c:32:6:32:6 | void h(int) | void h(int) |
| try_except.cpp:13:13:13:13 | Left | Operand 'Left' is not dominated by its definition in function '$@'. | try_except.cpp:6:6:6:10 | void f_cpp() | void f_cpp() |
| try_except.cpp:13:13:13:13 | Left | Operand 'Left' is not dominated by its definition in function '$@'. | try_except.cpp:6:6:6:10 | void f_cpp() | void f_cpp() |
| try_except.cpp:39:15:39:15 | Left | Operand 'Left' is not dominated by its definition in function '$@'. | try_except.cpp:32:6:32:10 | void h_cpp(int) | void h_cpp(int) |
| try_except.cpp:39:15:39:15 | Left | Operand 'Left' is not dominated by its definition in function '$@'. | try_except.cpp:32:6:32:10 | void h_cpp(int) | void h_cpp(int) |
switchInstructionWithoutDefaultEdge
notMarkedAsConflated
wronglyMarkedAsConflated
invalidOverlap
nonUniqueEnclosingIRFunction
fieldAddressOnNonPointer
thisArgumentIsNonPointer
nonUniqueIRVariable
| ir.cpp:2127:27:2127:29 | VariableAddress: two | Variable address instruction 'VariableAddress: two' has no associated variable, in function '$@'. | ir.cpp:2127:16:2127:16 | int i | int i |
missingCppType
