missingOperand
unexpectedOperand
duplicateOperand
missingPhiOperand
missingOperandType
duplicateChiOperand
sideEffectWithoutPrimary
instructionWithoutSuccessor
| ir.cpp:2112:5:2112:23 | VariableAddress: return ... | Instruction 'VariableAddress: return ...' has no successors in function '$@'. | ir.cpp:2111:5:2111:16 | int noExceptTest() | int noExceptTest() |
ambiguousSuccessors
unexplainedLoop
unnecessaryPhiInstruction
memoryOperandDefinitionIsUnmodeled
operandAcrossFunctions
instructionWithoutUniqueBlock
missingCanonicalLanguageType
multipleCanonicalLanguageTypes
containsLoopOfForwardEdges
missingIRType
multipleIRTypes
lostReachability
backEdgeCountMismatch
useNotDominatedByDefinition
switchInstructionWithoutDefaultEdge
notMarkedAsConflated
wronglyMarkedAsConflated
invalidOverlap
nonUniqueEnclosingIRFunction
fieldAddressOnNonPointer
thisArgumentIsNonPointer
nonUniqueIRVariable
| ir.cpp:2127:27:2127:29 | VariableAddress: two | Variable address instruction 'VariableAddress: two' has no associated variable, in function '$@'. | ir.cpp:2127:16:2127:16 | int i | int i |
missingCppType
