Timeout (5m0s) in ValueNumberingInternal#c9f42560::tvalueNumber#1#ff etc
